C51 COMPILER V9.60.7.0   SOC                                                               07/20/2024 10:18:19 PAGE 1   


C51 COMPILER V9.60.7.0, COMPILATION OF MODULE SOC
OBJECT MODULE PLACED IN .\Objects\soc.obj
COMPILER INVOKED BY: C:\Keil_v5\C51\BIN\C51.EXE soc.c OPTIMIZE(8,SPEED) BROWSE DEBUG OBJECTEXTEND PRINT(.\Listings\soc.l
                    -st) TABS(2) OBJECT(.\Objects\soc.obj)

line level    source

   1          
   2          #include "soc.h"
   3          
   4          unsigned int Calculate_SOC(unsigned int ADC_Value) {
   5   1          // Implement your SOC calculation logic here
   6   1          // For simplicity, assuming a linear mapping for demonstration
   7   1          // Adjust according to your specific requirements
   8   1          unsigned int adc_value=ADC_Value;
   9   1          //unsigned int max_vol=5;
  10   1          unsigned int soc = ((adc_value * 100) / 255); // Assuming 8-bit ADC
  11   1          //soc=(soc/max_vol)*100;
  12   1          return soc;
  13   1      }


MODULE INFORMATION:   STATIC OVERLAYABLE
   CODE SIZE        =     12    ----
   CONSTANT SIZE    =   ----    ----
   XDATA SIZE       =   ----    ----
   PDATA SIZE       =   ----    ----
   DATA SIZE        =   ----    ----
   IDATA SIZE       =   ----    ----
   BIT SIZE         =   ----    ----
END OF MODULE INFORMATION.


C51 COMPILATION COMPLETE.  0 WARNING(S),  0 ERROR(S)
